Archive member included to satisfy reference by file (symbol)

/opt/st/stm32cubeide_1.14.0/plugins/com.st.stm32cube.ide.mcu.externaltools.gnu-tools-for-stm32.11.3.rel1.linux64_1.1.100.202309141235/tools/bin/../lib/gcc/arm-none-eabi/11.3.1/../../../../arm-none-eabi/lib/thumb/v7e-m+dp/hard/libc_nano.a(libc_a-exit.o)
                              /opt/st/stm32cubeide_1.14.0/plugins/com.st.stm32cube.ide.mcu.externaltools.gnu-tools-for-stm32.11.3.rel1.linux64_1.1.100.202309141235/tools/bin/../lib/gcc/arm-none-eabi/11.3.1/../../../../arm-none-eabi/lib/thumb/v7e-m+dp/hard/crt0.o (exit)
/opt/st/stm32cubeide_1.14.0/plugins/com.st.stm32cube.ide.mcu.externaltools.gnu-tools-for-stm32.11.3.rel1.linux64_1.1.100.202309141235/tools/bin/../lib/gcc/arm-none-eabi/11.3.1/../../../../arm-none-eabi/lib/thumb/v7e-m+dp/hard/libc_nano.a(libc_a-findfp.o)
                              /opt/st/stm32cubeide_1.14.0/plugins/com.st.stm32cube.ide.mcu.externaltools.gnu-tools-for-stm32.11.3.rel1.linux64_1.1.100.202309141235/tools/bin/../lib/gcc/arm-none-eabi/11.3.1/../../../../arm-none-eabi/lib/thumb/v7e-m+dp/hard/libc_nano.a(libc_a-exit.o) (__stdio_exit_handler)
/opt/st/stm32cubeide_1.14.0/plugins/com.st.stm32cube.ide.mcu.externaltools.gnu-tools-for-stm32.11.3.rel1.linux64_1.1.100.202309141235/tools/bin/../lib/gcc/arm-none-eabi/11.3.1/../../../../arm-none-eabi/lib/thumb/v7e-m+dp/hard/libc_nano.a(libc_a-fwalk.o)
                              /opt/st/stm32cubeide_1.14.0/plugins/com.st.stm32cube.ide.mcu.externaltools.gnu-tools-for-stm32.11.3.rel1.linux64_1.1.100.202309141235/tools/bin/../lib/gcc/arm-none-eabi/11.3.1/../../../../arm-none-eabi/lib/thumb/v7e-m+dp/hard/libc_nano.a(libc_a-findfp.o) (_fwalk_sglue)
/opt/st/stm32cubeide_1.14.0/plugins/com.st.stm32cube.ide.mcu.externaltools.gnu-tools-for-stm32.11.3.rel1.linux64_1.1.100.202309141235/tools/bin/../lib/gcc/arm-none-eabi/11.3.1/../../../../arm-none-eabi/lib/thumb/v7e-m+dp/hard/libc_nano.a(libc_a-stdio.o)
                              /opt/st/stm32cubeide_1.14.0/plugins/com.st.stm32cube.ide.mcu.externaltools.gnu-tools-for-stm32.11.3.rel1.linux64_1.1.100.202309141235/tools/bin/../lib/gcc/arm-none-eabi/11.3.1/../../../../arm-none-eabi/lib/thumb/v7e-m+dp/hard/libc_nano.a(libc_a-findfp.o) (__sread)
/opt/st/stm32cubeide_1.14.0/plugins/com.st.stm32cube.ide.mcu.externaltools.gnu-tools-for-stm32.11.3.rel1.linux64_1.1.100.202309141235/tools/bin/../lib/gcc/arm-none-eabi/11.3.1/../../../../arm-none-eabi/lib/thumb/v7e-m+dp/hard/libc_nano.a(libc_a-memset.o)
                              /opt/st/stm32cubeide_1.14.0/plugins/com.st.stm32cube.ide.mcu.externaltools.gnu-tools-for-stm32.11.3.rel1.linux64_1.1.100.202309141235/tools/bin/../lib/gcc/arm-none-eabi/11.3.1/../../../../arm-none-eabi/lib/thumb/v7e-m+dp/hard/crt0.o (memset)
/opt/st/stm32cubeide_1.14.0/plugins/com.st.stm32cube.ide.mcu.externaltools.gnu-tools-for-stm32.11.3.rel1.linux64_1.1.100.202309141235/tools/bin/../lib/gcc/arm-none-eabi/11.3.1/../../../../arm-none-eabi/lib/thumb/v7e-m+dp/hard/libc_nano.a(libc_a-closer.o)
                              /opt/st/stm32cubeide_1.14.0/plugins/com.st.stm32cube.ide.mcu.externaltools.gnu-tools-for-stm32.11.3.rel1.linux64_1.1.100.202309141235/tools/bin/../lib/gcc/arm-none-eabi/11.3.1/../../../../arm-none-eabi/lib/thumb/v7e-m+dp/hard/libc_nano.a(libc_a-stdio.o) (_close_r)
/opt/st/stm32cubeide_1.14.0/plugins/com.st.stm32cube.ide.mcu.externaltools.gnu-tools-for-stm32.11.3.rel1.linux64_1.1.100.202309141235/tools/bin/../lib/gcc/arm-none-eabi/11.3.1/../../../../arm-none-eabi/lib/thumb/v7e-m+dp/hard/libc_nano.a(libc_a-reent.o)
                              /opt/st/stm32cubeide_1.14.0/plugins/com.st.stm32cube.ide.mcu.externaltools.gnu-tools-for-stm32.11.3.rel1.linux64_1.1.100.202309141235/tools/bin/../lib/gcc/arm-none-eabi/11.3.1/../../../../arm-none-eabi/lib/thumb/v7e-m+dp/hard/libc_nano.a(libc_a-closer.o) (errno)
/opt/st/stm32cubeide_1.14.0/plugins/com.st.stm32cube.ide.mcu.externaltools.gnu-tools-for-stm32.11.3.rel1.linux64_1.1.100.202309141235/tools/bin/../lib/gcc/arm-none-eabi/11.3.1/../../../../arm-none-eabi/lib/thumb/v7e-m+dp/hard/libc_nano.a(libc_a-impure.o)
                              /opt/st/stm32cubeide_1.14.0/plugins/com.st.stm32cube.ide.mcu.externaltools.gnu-tools-for-stm32.11.3.rel1.linux64_1.1.100.202309141235/tools/bin/../lib/gcc/arm-none-eabi/11.3.1/../../../../arm-none-eabi/lib/thumb/v7e-m+dp/hard/libc_nano.a(libc_a-reent.o) (_impure_ptr)
/opt/st/stm32cubeide_1.14.0/plugins/com.st.stm32cube.ide.mcu.externaltools.gnu-tools-for-stm32.11.3.rel1.linux64_1.1.100.202309141235/tools/bin/../lib/gcc/arm-none-eabi/11.3.1/../../../../arm-none-eabi/lib/thumb/v7e-m+dp/hard/libc_nano.a(libc_a-lseekr.o)
                              /opt/st/stm32cubeide_1.14.0/plugins/com.st.stm32cube.ide.mcu.externaltools.gnu-tools-for-stm32.11.3.rel1.linux64_1.1.100.202309141235/tools/bin/../lib/gcc/arm-none-eabi/11.3.1/../../../../arm-none-eabi/lib/thumb/v7e-m+dp/hard/libc_nano.a(libc_a-stdio.o) (_lseek_r)
[...]
Memory Configuration

Name             Origin             Length             Attributes
FLASH            0x0000000008000000 0x0000000000200000 xr
DTCMRAM          0x0000000020000000 0x0000000000020000 xrw
RAM_D1           0x0000000024000000 0x0000000000080000 xrw
RAM_D2           0x0000000030000000 0x0000000000048000 xrw
RAM_D3           0x0000000038000000 0x0000000000010000 xrw
ITCMRAM          0x0000000000000000 0x0000000000010000 xrw
*default*        0x0000000000000000 0xffffffffffffffff

Linker script and memory map

LOAD /opt/st/stm32cubeide_1.14.0/plugins/com.st.stm32cube.ide.mcu.externaltools.gnu-tools-for-stm32.11.3.rel1.linux64_1.1.100.202309141235/tools/bin/../lib/gcc/arm-none-eabi/11.3.1/thumb/v7e-m+dp/hard/crti.o
LOAD /opt/st/stm32cubeide_1.14.0/plugins/com.st.stm32cube.ide.mcu.externaltools.gnu-tools-for-stm32.11.3.rel1.linux64_1.1.100.202309141235/tools/bin/../lib/gcc/arm-none-eabi/11.3.1/thumb/v7e-m+dp/hard/crtbegin.o
LOAD /opt/st/stm32cubeide_1.14.0/plugins/com.st.stm32cube.ide.mcu.externaltools.gnu-tools-for-stm32.11.3.rel1.linux64_1.1.100.202309141235/tools/bin/../lib/gcc/arm-none-eabi/11.3.1/../../../../arm-none-eabi/lib/thumb/v7e-m+dp/hard/crt0.o
LOAD ./main.o
LOAD ./startup_stm32h743zitx.o
START GROUP
LOAD /opt/st/stm32cubeide_1.14.0/plugins/com.st.stm32cube.ide.mcu.externaltools.gnu-tools-for-stm32.11.3.rel1.linux64_1.1.100.202309141235/tools/bin/../lib/gcc/arm-none-eabi/11.3.1/../../../../arm-none-eabi/lib/thumb/v7e-m+dp/hard/libc_nano.a
LOAD /opt/st/stm32cubeide_1.14.0/plugins/com.st.stm32cube.ide.mcu.externaltools.gnu-tools-for-stm32.11.3.rel1.linux64_1.1.100.202309141235/tools/bin/../lib/gcc/arm-none-eabi/11.3.1/../../../../arm-none-eabi/lib/thumb/v7e-m+dp/hard/libm.a
END GROUP
START GROUP
LOAD /opt/st/stm32cubeide_1.14.0/plugins/com.st.stm32cube.ide.mcu.externaltools.gnu-tools-for-stm32.11.3.rel1.linux64_1.1.100.202309141235/tools/bin/../lib/gcc/arm-none-eabi/11.3.1/thumb/v7e-m+dp/hard/libgcc.a
LOAD /opt/st/stm32cubeide_1.14.0/plugins/com.st.stm32cube.ide.mcu.externaltools.gnu-tools-for-stm32.11.3.rel1.linux64_1.1.100.202309141235/tools/bin/../lib/gcc/arm-none-eabi/11.3.1/../../../../arm-none-eabi/lib/thumb/v7e-m+dp/hard/libc_nano.a
END GROUP
START GROUP
LOAD /opt/st/stm32cubeide_1.14.0/plugins/com.st.stm32cube.ide.mcu.externaltools.gnu-tools-for-stm32.11.3.rel1.linux64_1.1.100.202309141235/tools/bin/../lib/gcc/arm-none-eabi/11.3.1/thumb/v7e-m+dp/hard/libgcc.a
LOAD /opt/st/stm32cubeide_1.14.0/plugins/com.st.stm32cube.ide.mcu.externaltools.gnu-tools-for-stm32.11.3.rel1.linux64_1.1.100.202309141235/tools/bin/../lib/gcc/arm-none-eabi/11.3.1/../../../../arm-none-eabi/lib/thumb/v7e-m+dp/hard/libc_nano.a
LOAD /opt/st/stm32cubeide_1.14.0/plugins/com.st.stm32cube.ide.mcu.externaltools.gnu-tools-for-stm32.11.3.rel1.linux64_1.1.100.202309141235/tools/bin/../lib/gcc/arm-none-eabi/11.3.1/../../../../arm-none-eabi/lib/thumb/v7e-m+dp/hard/libnosys.a
END GROUP
START GROUP
LOAD /opt/st/stm32cubeide_1.14.0/plugins/com.st.stm32cube.ide.mcu.externaltools.gnu-tools-for-stm32.11.3.rel1.linux64_1.1.100.202309141235/tools/bin/../lib/gcc/arm-none-eabi/11.3.1/thumb/v7e-m+dp/hard/libgcc.a
LOAD /opt/st/stm32cubeide_1.14.0/plugins/com.st.stm32cube.ide.mcu.externaltools.gnu-tools-for-stm32.11.3.rel1.linux64_1.1.100.202309141235/tools/bin/../lib/gcc/arm-none-eabi/11.3.1/../../../../arm-none-eabi/lib/thumb/v7e-m+dp/hard/libc_nano.a
LOAD /opt/st/stm32cubeide_1.14.0/plugins/com.st.stm32cube.ide.mcu.externaltools.gnu-tools-for-stm32.11.3.rel1.linux64_1.1.100.202309141235/tools/bin/../lib/gcc/arm-none-eabi/11.3.1/../../../../arm-none-eabi/lib/thumb/v7e-m+dp/hard/libnosys.a
END GROUP
LOAD /opt/st/stm32cubeide_1.14.0/plugins/com.st.stm32cube.ide.mcu.externaltools.gnu-tools-for-stm32.11.3.rel1.linux64_1.1.100.202309141235/tools/bin/../lib/gcc/arm-none-eabi/11.3.1/thumb/v7e-m+dp/hard/crtend.o
LOAD /opt/st/stm32cubeide_1.14.0/plugins/com.st.stm32cube.ide.mcu.externaltools.gnu-tools-for-stm32.11.3.rel1.linux64_1.1.100.202309141235/tools/bin/../lib/gcc/arm-none-eabi/11.3.1/thumb/v7e-m+dp/hard/crtn.o
                0x0000000024080000                _estack = (ORIGIN (RAM_D1) + LENGTH (RAM_D1))
                0x0000000000000200                _Min_Heap_Size = 0x200
                0x0000000000000400                _Min_Stack_Size = 0x400

.isr_vector     0x0000000008000000      0x298
                0x0000000008000000                . = ALIGN (0x4)
 *(.isr_vector)
 .isr_vector    0x0000000008000000      0x298 ./startup_stm32h743zitx.o
                0x0000000008000000                g_pfnVectors
                0x0000000008000298                . = ALIGN (0x4)

.text           0x0000000008000298      0x208
                0x0000000008000298                . = ALIGN (0x4)
 *(.text)
 .text          0x0000000008000298       0x40 /opt/st/stm32cubeide_1.14.0/plugins/com.st.stm32cube.ide.mcu.externaltools.gnu-tools-for-stm32.11.3.rel1.linux64_1.1.100.202309141235/tools/bin/../lib/gcc/arm-none-eabi/11.3.1/thumb/v7e-m+dp/hard/crtbegin.o
 *(.text*)
 .text.main     0x00000000080002d8       0x40 ./main.o
                0x00000000080002d8                main
 .text.delay    0x0000000008000318       0x28 ./main.o
                0x0000000008000318                delay
 .text.set_gpio_port_b_reg
                0x0000000008000340       0x24 ./main.o
                0x0000000008000340                set_gpio_port_b_reg
 .text.gpio_set_pin
                0x0000000008000364       0x20 ./main.o
                0x0000000008000364                gpio_set_pin
 .text.gpio_clear_pin
                0x0000000008000384       0x22 ./main.o
                0x0000000008000384                gpio_clear_pin
 *fill*         0x00000000080003a6        0x2 
 .text.GPIO_Init
                0x00000000080003a8       0x48 ./main.o
                0x00000000080003a8                GPIO_Init
 .text.Reset_Handler
                0x00000000080003f0       0x4c ./startup_stm32h743zitx.o
                0x00000000080003f0                Reset_Handler
 .text.Default_Handler
                0x000000000800043c        0x2 ./startup_stm32h743zitx.o
                0x000000000800043c                RTC_Alarm_IRQHandler
                0x000000000800043c                EXTI2_IRQHandler
                0x000000000800043c                TIM8_CC_IRQHandler
                0x000000000800043c                HRTIM1_Master_IRQHandler
                0x000000000800043c                DebugMon_Handler
                0x000000000800043c                UART8_IRQHandler
                0x000000000800043c                SPI4_IRQHandler
                0x000000000800043c                TIM1_CC_IRQHandler
                0x000000000800043c                BDMA_Channel6_IRQHandler
                0x000000000800043c                DMA2_Stream5_IRQHandler
                0x000000000800043c                HardFault_Handler
                0x000000000800043c                HRTIM1_FLT_IRQHandler
                0x000000000800043c                JPEG_IRQHandler
                0x000000000800043c                DMA1_Stream5_IRQHandler
                0x000000000800043c                SysTick_Handler
                0x000000000800043c                BDMA_Channel1_IRQHandler
                0x000000000800043c                HRTIM1_TIMD_IRQHandler
                0x000000000800043c                TAMP_STAMP_IRQHandler
                0x000000000800043c                PendSV_Handler
                0x000000000800043c                NMI_Handler
                0x000000000800043c                EXTI3_IRQHandler
                0x000000000800043c                LPTIM4_IRQHandler
                0x000000000800043c                TIM8_TRG_COM_TIM14_IRQHandler
                0x000000000800043c                LPTIM2_IRQHandler
                0x000000000800043c                DFSDM1_FLT1_IRQHandler
                0x000000000800043c                DMAMUX2_OVR_IRQHandler
                0x000000000800043c                TIM8_UP_TIM13_IRQHandler
                0x000000000800043c                I2C3_ER_IRQHandler
                0x000000000800043c                DFSDM1_FLT2_IRQHandler
                0x000000000800043c                MDMA_IRQHandler
                0x000000000800043c                LPTIM3_IRQHandler
                0x000000000800043c                HSEM1_IRQHandler
                0x000000000800043c                EXTI0_IRQHandler
                0x000000000800043c                I2C2_EV_IRQHandler
                0x000000000800043c                DMA1_Stream2_IRQHandler
                0x000000000800043c                FPU_IRQHandler
                0x000000000800043c                OTG_HS_WKUP_IRQHandler
                0x000000000800043c                FDCAN1_IT1_IRQHandler
                0x000000000800043c                UsageFault_Handler
                0x000000000800043c                LTDC_ER_IRQHandler
                0x000000000800043c                DMA2_Stream2_IRQHandler
                0x000000000800043c                HRTIM1_TIME_IRQHandler
                0x000000000800043c                SPI1_IRQHandler
                0x000000000800043c                TIM6_DAC_IRQHandler
                0x000000000800043c                DCMI_IRQHandler
                0x000000000800043c                HRTIM1_TIMC_IRQHandler
                0x000000000800043c                DMA2_Stream3_IRQHandler
                0x000000000800043c                SAI2_IRQHandler
                0x000000000800043c                DFSDM1_FLT3_IRQHandler
                0x000000000800043c                USART6_IRQHandler
                0x000000000800043c                TIM17_IRQHandler
                0x000000000800043c                USART3_IRQHandler
                0x000000000800043c                BDMA_Channel7_IRQHandler
                0x000000000800043c                LPTIM5_IRQHandler
                0x000000000800043c                UART5_IRQHandler
                0x000000000800043c                ADC3_IRQHandler
                0x000000000800043c                DMA2_Stream0_IRQHandler
                0x000000000800043c                TIM4_IRQHandler
                0x000000000800043c                BDMA_Channel2_IRQHandler
                0x000000000800043c                QUADSPI_IRQHandler
                0x000000000800043c                I2C1_EV_IRQHandler
                0x000000000800043c                DMA1_Stream6_IRQHandler
                0x000000000800043c                DMAMUX1_OVR_IRQHandler
                0x000000000800043c                DMA1_Stream1_IRQHandler
                0x000000000800043c                TIM16_IRQHandler
                0x000000000800043c                UART4_IRQHandler
                0x000000000800043c                BDMA_Channel5_IRQHandler
                0x000000000800043c                TIM3_IRQHandler
                0x000000000800043c                RCC_IRQHandler
                0x000000000800043c                TIM8_BRK_TIM12_IRQHandler
                0x000000000800043c                TIM1_TRG_COM_IRQHandler
                0x000000000800043c                Default_Handler
                0x000000000800043c                ECC_IRQHandler
                0x000000000800043c                CEC_IRQHandler
                0x000000000800043c                EXTI15_10_IRQHandler
                0x000000000800043c                BDMA_Channel0_IRQHandler
                0x000000000800043c                ADC_IRQHandler
                0x000000000800043c                DMA1_Stream7_IRQHandler
                0x000000000800043c                HRTIM1_TIMA_IRQHandler
                0x000000000800043c                SPI5_IRQHandler
                0x000000000800043c                TIM7_IRQHandler
                0x000000000800043c                SDMMC1_IRQHandler
                0x000000000800043c                TIM5_IRQHandler
                0x000000000800043c                DMA2_Stream7_IRQHandler
                0x000000000800043c                TIM15_IRQHandler
                0x000000000800043c                PVD_AVD_IRQHandler
                0x000000000800043c                I2C3_EV_IRQHandler
                0x000000000800043c                EXTI9_5_IRQHandler
                0x000000000800043c                RTC_WKUP_IRQHandler
                0x000000000800043c                LTDC_IRQHandler
                0x000000000800043c                SAI3_IRQHandler
                0x000000000800043c                ETH_WKUP_IRQHandler
                0x000000000800043c                SPDIF_RX_IRQHandler
                0x000000000800043c                SPI2_IRQHandler
                0x000000000800043c                OTG_HS_EP1_IN_IRQHandler
                0x000000000800043c                MemManage_Handler
                0x000000000800043c                DMA1_Stream0_IRQHandler
                0x000000000800043c                SVC_Handler
                0x000000000800043c                CRS_IRQHandler
                0x000000000800043c                EXTI4_IRQHandler
                0x000000000800043c                RNG_IRQHandler
                0x000000000800043c                HRTIM1_TIMB_IRQHandler
                0x000000000800043c                FDCAN2_IT1_IRQHandler
                0x000000000800043c                ETH_IRQHandler
                0x000000000800043c                TIM1_UP_IRQHandler
                0x000000000800043c                BDMA_Channel4_IRQHandler
                0x000000000800043c                OTG_HS_EP1_OUT_IRQHandler
                0x000000000800043c                WWDG_IRQHandler
                0x000000000800043c                SPI6_IRQHandler
                0x000000000800043c                MDIOS_IRQHandler
                0x000000000800043c                I2C4_EV_IRQHandler
                0x000000000800043c                FDCAN2_IT0_IRQHandler
                0x000000000800043c                LPUART1_IRQHandler
                0x000000000800043c                FDCAN1_IT0_IRQHandler
                0x000000000800043c                TIM2_IRQHandler
                0x000000000800043c                OTG_FS_WKUP_IRQHandler
                0x000000000800043c                OTG_HS_IRQHandler
                0x000000000800043c                DMA2D_IRQHandler
                0x000000000800043c                TIM1_BRK_IRQHandler
                0x000000000800043c                EXTI1_IRQHandler
                0x000000000800043c                SDMMC2_IRQHandler
                0x000000000800043c                OTG_FS_EP1_OUT_IRQHandler
                0x000000000800043c                BDMA_Channel3_IRQHandler
                0x000000000800043c                UART7_IRQHandler
                0x000000000800043c                MDIOS_WKUP_IRQHandler
                0x000000000800043c                USART2_IRQHandler
                0x000000000800043c                DFSDM1_FLT0_IRQHandler
                0x000000000800043c                SAI4_IRQHandler
                0x000000000800043c                I2C2_ER_IRQHandler
                0x000000000800043c                DMA2_Stream1_IRQHandler
                0x000000000800043c                FLASH_IRQHandler
                0x000000000800043c                DMA2_Stream4_IRQHandler
                0x000000000800043c                BusFault_Handler
                0x000000000800043c                USART1_IRQHandler
                0x000000000800043c                OTG_FS_IRQHandler
                0x000000000800043c                SPI3_IRQHandler
                0x000000000800043c                WAKEUP_PIN_IRQHandler
                0x000000000800043c                DMA1_Stream4_IRQHandler
                0x000000000800043c                OTG_FS_EP1_IN_IRQHandler
                0x000000000800043c                I2C1_ER_IRQHandler
                0x000000000800043c                FMC_IRQHandler
                0x000000000800043c                FDCAN_CAL_IRQHandler
                0x000000000800043c                SWPMI1_IRQHandler
                0x000000000800043c                COMP1_IRQHandler
                0x000000000800043c                LPTIM1_IRQHandler
                0x000000000800043c                I2C4_ER_IRQHandler
                0x000000000800043c                DMA2_Stream6_IRQHandler
                0x000000000800043c                SAI1_IRQHandler
                0x000000000800043c                DMA1_Stream3_IRQHandler
 *fill*         0x000000000800043e        0x2 
 .text.__libc_init_array
                0x0000000008000440       0x48 /opt/st/stm32cubeide_1.14.0/plugins/com.st.stm32cube.ide.mcu.externaltools.gnu-tools-for-stm32.11.3.rel1.linux64_1.1.100.202309141235/tools/bin/../lib/gcc/arm-none-eabi/11.3.1/../../../../arm-none-eabi/lib/thumb/v7e-m+dp/hard/libc_nano.a(libc_a-init.o)
                0x0000000008000440                __libc_init_array
 *(.glue_7)
 .glue_7        0x0000000008000488        0x0 linker stubs
 *(.glue_7t)
 .glue_7t       0x0000000008000488        0x0 linker stubs
 *(.eh_frame)
 .eh_frame      0x0000000008000488        0x0 /opt/st/stm32cubeide_1.14.0/plugins/com.st.stm32cube.ide.mcu.externaltools.gnu-tools-for-stm32.11.3.rel1.linux64_1.1.100.202309141235/tools/bin/../lib/gcc/arm-none-eabi/11.3.1/thumb/v7e-m+dp/hard/crtbegin.o
 *(.init)
 .init          0x0000000008000488        0x4 /opt/st/stm32cubeide_1.14.0/plugins/com.st.stm32cube.ide.mcu.externaltools.gnu-tools-for-stm32.11.3.rel1.linux64_1.1.100.202309141235/tools/bin/../lib/gcc/arm-none-eabi/11.3.1/thumb/v7e-m+dp/hard/crti.o
                0x0000000008000488                _init
 .init          0x000000000800048c        0x8 /opt/st/stm32cubeide_1.14.0/plugins/com.st.stm32cube.ide.mcu.externaltools.gnu-tools-for-stm32.11.3.rel1.linux64_1.1.100.202309141235/tools/bin/../lib/gcc/arm-none-eabi/11.3.1/thumb/v7e-m+dp/hard/crtn.o
 *(.fini)
 .fini          0x0000000008000494        0x4 /opt/st/stm32cubeide_1.14.0/plugins/com.st.stm32cube.ide.mcu.externaltools.gnu-tools-for-stm32.11.3.rel1.linux64_1.1.100.202309141235/tools/bin/../lib/gcc/arm-none-eabi/11.3.1/thumb/v7e-m+dp/hard/crti.o
                0x0000000008000494                _fini
 .fini          0x0000000008000498        0x8 /opt/st/stm32cubeide_1.14.0/plugins/com.st.stm32cube.ide.mcu.externaltools.gnu-tools-for-stm32.11.3.rel1.linux64_1.1.100.202309141235/tools/bin/../lib/gcc/arm-none-eabi/11.3.1/thumb/v7e-m+dp/hard/crtn.o
                0x00000000080004a0                . = ALIGN (0x4)
                0x00000000080004a0                _etext = .

.vfp11_veneer   0x00000000080004a0        0x0
 .vfp11_veneer  0x00000000080004a0        0x0 linker stubs

.v4_bx          0x00000000080004a0        0x0
 .v4_bx         0x00000000080004a0        0x0 linker stubs

.iplt           0x00000000080004a0        0x0
 .iplt          0x00000000080004a0        0x0 /opt/st/stm32cubeide_1.14.0/plugins/com.st.stm32cube.ide.mcu.externaltools.gnu-tools-for-stm32.11.3.rel1.linux64_1.1.100.202309141235/tools/bin/../lib/gcc/arm-none-eabi/11.3.1/thumb/v7e-m+dp/hard/crtbegin.o

.rel.dyn        0x00000000080004a0        0x0
 .rel.iplt      0x00000000080004a0        0x0 /opt/st/stm32cubeide_1.14.0/plugins/com.st.stm32cube.ide.mcu.externaltools.gnu-tools-for-stm32.11.3.rel1.linux64_1.1.100.202309141235/tools/bin/../lib/gcc/arm-none-eabi/11.3.1/thumb/v7e-m+dp/hard/crtbegin.o

.rodata         0x00000000080004a0        0x0
                0x00000000080004a0                . = ALIGN (0x4)
 *(.rodata)
 *(.rodata*)
                0x00000000080004a0                . = ALIGN (0x4)

.ARM.extab
 *(.ARM.extab* .gnu.linkonce.armextab.*)

.ARM            0x00000000080004a0        0x0
                0x00000000080004a0                __exidx_start = .
 *(.ARM.exidx*)
                0x00000000080004a0                __exidx_end = .

.preinit_array  0x00000000080004a0        0x0
                0x00000000080004a0                PROVIDE (__preinit_array_start = .)
 *(.preinit_array*)
                0x00000000080004a0                PROVIDE (__preinit_array_end = .)

.init_array     0x00000000080004a0        0x4
                0x00000000080004a0                PROVIDE (__init_array_start = .)
 *(SORT_BY_NAME(.init_array.*))
 *(.init_array*)
 .init_array    0x00000000080004a0        0x4 /opt/st/stm32cubeide_1.14.0/plugins/com.st.stm32cube.ide.mcu.externaltools.gnu-tools-for-stm32.11.3.rel1.linux64_1.1.100.202309141235/tools/bin/../lib/gcc/arm-none-eabi/11.3.1/thumb/v7e-m+dp/hard/crtbegin.o
                0x00000000080004a4                PROVIDE (__init_array_end = .)

.fini_array     0x00000000080004a4        0x4
                [!provide]                        PROVIDE (__fini_array_start = .)
 *(SORT_BY_NAME(.fini_array.*))
 *(.fini_array*)
 .fini_array    0x00000000080004a4        0x4 /opt/st/stm32cubeide_1.14.0/plugins/com.st.stm32cube.ide.mcu.externaltools.gnu-tools-for-stm32.11.3.rel1.linux64_1.1.100.202309141235/tools/bin/../lib/gcc/arm-none-eabi/11.3.1/thumb/v7e-m+dp/hard/crtbegin.o
                [!provide]                        PROVIDE (__fini_array_end = .)
                0x00000000080004a8                _sidata = LOADADDR (.data)

.data           0x0000000024000000        0x0 load address 0x00000000080004a8
                0x0000000024000000                . = ALIGN (0x4)
                0x0000000024000000                _sdata = .
 *(.data)
 *(.data*)
 *(.RamFunc)
 *(.RamFunc*)
                0x0000000024000000                . = ALIGN (0x4)
                0x0000000024000000                _edata = .

.igot.plt       0x0000000024000000        0x0 load address 0x00000000080004a8
 .igot.plt      0x0000000024000000        0x0 /opt/st/stm32cubeide_1.14.0/plugins/com.st.stm32cube.ide.mcu.externaltools.gnu-tools-for-stm32.11.3.rel1.linux64_1.1.100.202309141235/tools/bin/../lib/gcc/arm-none-eabi/11.3.1/thumb/v7e-m+dp/hard/crtbegin.o
                0x0000000024000000                . = ALIGN (0x4)

.bss            0x0000000024000000       0x1c load address 0x00000000080004a8
                0x0000000024000000                _sbss = .
                0x0000000024000000                __bss_start__ = _sbss
 *(.bss)
 .bss           0x0000000024000000       0x1c /opt/st/stm32cubeide_1.14.0/plugins/com.st.stm32cube.ide.mcu.externaltools.gnu-tools-for-stm32.11.3.rel1.linux64_1.1.100.202309141235/tools/bin/../lib/gcc/arm-none-eabi/11.3.1/thumb/v7e-m+dp/hard/crtbegin.o
 *(.bss*)
 *(COMMON)
                0x000000002400001c                . = ALIGN (0x4)
                0x000000002400001c                _ebss = .
                0x000000002400001c                __bss_end__ = _ebss

._user_heap_stack
                0x000000002400001c      0x604 load address 0x00000000080004a8
                0x0000000024000020                . = ALIGN (0x8)
 *fill*         0x000000002400001c        0x4 
                0x0000000024000020                PROVIDE (end = .)
                [!provide]                        PROVIDE (_end = .)
                0x0000000024000220                . = (. + _Min_Heap_Size)
 *fill*         0x0000000024000020      0x200 
                0x0000000024000620                . = (. + _Min_Stack_Size)
 *fill*         0x0000000024000220      0x400 
                0x0000000024000620                . = ALIGN (0x8)

/DISCARD/
 libc.a(*)
 libm.a(*)
 libgcc.a(*)

.ARM.attributes
                0x0000000000000000       0x2e
 *(.ARM.attributes)
 .ARM.attributes
                0x0000000000000000       0x1e /opt/st/stm32cubeide_1.14.0/plugins/com.st.stm32cube.ide.mcu.externaltools.gnu-tools-for-stm32.11.3.rel1.linux64_1.1.100.202309141235/tools/bin/../lib/gcc/arm-none-eabi/11.3.1/thumb/v7e-m+dp/hard/crti.o
 .ARM.attributes
                0x000000000000001e       0x32 /opt/st/stm32cubeide_1.14.0/plugins/com.st.stm32cube.ide.mcu.externaltools.gnu-tools-for-stm32.11.3.rel1.linux64_1.1.100.202309141235/tools/bin/../lib/gcc/arm-none-eabi/11.3.1/thumb/v7e-m+dp/hard/crtbegin.o
 .ARM.attributes
                0x0000000000000050       0x32 ./main.o
 .ARM.attributes
                0x0000000000000082       0x21 ./startup_stm32h743zitx.o
 .ARM.attributes
                0x00000000000000a3       0x32 /opt/st/stm32cubeide_1.14.0/plugins/com.st.stm32cube.ide.mcu.externaltools.gnu-tools-for-stm32.11.3.rel1.linux64_1.1.100.202309141235/tools/bin/../lib/gcc/arm-none-eabi/11.3.1/../../../../arm-none-eabi/lib/thumb/v7e-m+dp/hard/libc_nano.a(libc_a-init.o)
 .ARM.attributes
                0x00000000000000d5       0x1e /opt/st/stm32cubeide_1.14.0/plugins/com.st.stm32cube.ide.mcu.externaltools.gnu-tools-for-stm32.11.3.rel1.linux64_1.1.100.202309141235/tools/bin/../lib/gcc/arm-none-eabi/11.3.1/thumb/v7e-m+dp/hard/crtn.o
OUTPUT(CubeIDEBased.elf elf32-littlearm)
LOAD linker stubs
LOAD /opt/st/stm32cubeide_1.14.0/plugins/com.st.stm32cube.ide.mcu.externaltools.gnu-tools-for-stm32.11.3.rel1.linux64_1.1.100.202309141235/tools/bin/../lib/gcc/arm-none-eabi/11.3.1/../../../../arm-none-eabi/lib/thumb/v7e-m+dp/hard/libc.a
LOAD /opt/st/stm32cubeide_1.14.0/plugins/com.st.stm32cube.ide.mcu.externaltools.gnu-tools-for-stm32.11.3.rel1.linux64_1.1.100.202309141235/tools/bin/../lib/gcc/arm-none-eabi/11.3.1/../../../../arm-none-eabi/lib/thumb/v7e-m+dp/hard/libm.a
LOAD /opt/st/stm32cubeide_1.14.0/plugins/com.st.stm32cube.ide.mcu.externaltools.gnu-tools-for-stm32.11.3.rel1.linux64_1.1.100.202309141235/tools/bin/../lib/gcc/arm-none-eabi/11.3.1/thumb/v7e-m+dp/hard/libgcc.a

.comment        0x0000000000000000       0x43
 .comment       0x0000000000000000       0x43 /opt/st/stm32cubeide_1.14.0/plugins/com.st.stm32cube.ide.mcu.externaltools.gnu-tools-for-stm32.11.3.rel1.linux64_1.1.100.202309141235/tools/bin/../lib/gcc/arm-none-eabi/11.3.1/thumb/v7e-m+dp/hard/crtbegin.o
                                         0x44 (size before relaxing)
 .comment       0x0000000000000043       0x44 ./main.o

.debug_info     0x0000000000000000      0x1c2
 .debug_info    0x0000000000000000      0x19f ./main.o
 .debug_info    0x000000000000019f       0x23 ./startup_stm32h743zitx.o

.debug_abbrev   0x0000000000000000      0x110
 .debug_abbrev  0x0000000000000000       0xfe ./main.o
 .debug_abbrev  0x00000000000000fe       0x12 ./startup_stm32h743zitx.o

.debug_aranges  0x0000000000000000       0x78
 .debug_aranges
                0x0000000000000000       0x50 ./main.o
 .debug_aranges
                0x0000000000000050       0x28 ./startup_stm32h743zitx.o

.debug_rnglists
                0x0000000000000000       0x50
 .debug_rnglists
                0x0000000000000000       0x37 ./main.o
 .debug_rnglists
                0x0000000000000037       0x19 ./startup_stm32h743zitx.o

.debug_macro    0x0000000000000000      0xf70
 .debug_macro   0x0000000000000000       0x63 ./main.o
 .debug_macro   0x0000000000000063      0xac0 ./main.o
 .debug_macro   0x0000000000000b23       0x22 ./main.o
 .debug_macro   0x0000000000000b45       0x8e ./main.o
 .debug_macro   0x0000000000000bd3       0x51 ./main.o
 .debug_macro   0x0000000000000c24      0x103 ./main.o
 .debug_macro   0x0000000000000d27       0x6a ./main.o
 .debug_macro   0x0000000000000d91      0x1df ./main.o

.debug_line     0x0000000000000000      0x4bb
 .debug_line    0x0000000000000000      0x442 ./main.o
 .debug_line    0x0000000000000442       0x79 ./startup_stm32h743zitx.o

.debug_str      0x0000000000000000     0x3c9a
 .debug_str     0x0000000000000000     0x3c73 ./main.o
                                       0x3de0 (size before relaxing)
 .debug_str     0x0000000000003c73       0x27 ./startup_stm32h743zitx.o
                                         0x78 (size before relaxing)

.debug_frame    0x0000000000000000      0x12c
 .debug_frame   0x0000000000000000      0x100 ./main.o
 .debug_frame   0x0000000000000100       0x2c /opt/st/stm32cubeide_1.14.0/plugins/com.st.stm32cube.ide.mcu.externaltools.gnu-tools-for-stm32.11.3.rel1.linux64_1.1.100.202309141235/tools/bin/../lib/gcc/arm-none-eabi/11.3.1/../../../../arm-none-eabi/lib/thumb/v7e-m+dp/hard/libc_nano.a(libc_a-init.o)

.debug_line_str
                0x0000000000000000       0x6c
 .debug_line_str
                0x0000000000000000       0x6c ./startup_stm32h743zitx.o
                                         0x84 (size before relaxing)
