Archive member included to satisfy reference by file (symbol)

/opt/gcc-arm-none-eabi/bin/../lib/gcc/arm-none-eabi/10.3.1/../../../../arm-none-eabi/lib/thumb/v7e-m/nofp/libc_nano.a(lib_a-errno.o)
                              syscalls.o (__errno)
/opt/gcc-arm-none-eabi/bin/../lib/gcc/arm-none-eabi/10.3.1/../../../../arm-none-eabi/lib/thumb/v7e-m/nofp/libc_nano.a(lib_a-exit.o)
                              /opt/gcc-arm-none-eabi/bin/../lib/gcc/arm-none-eabi/10.3.1/../../../../arm-none-eabi/lib/thumb/v7e-m/nofp/crt0.o (exit)
/opt/gcc-arm-none-eabi/bin/../lib/gcc/arm-none-eabi/10.3.1/../../../../arm-none-eabi/lib/thumb/v7e-m/nofp/libc_nano.a(lib_a-impure.o)
                              /opt/gcc-arm-none-eabi/bin/../lib/gcc/arm-none-eabi/10.3.1/../../../../arm-none-eabi/lib/thumb/v7e-m/nofp/libc_nano.a(lib_a-exit.o) (_global_impure_ptr)
/opt/gcc-arm-none-eabi/bin/../lib/gcc/arm-none-eabi/10.3.1/../../../../arm-none-eabi/lib/thumb/v7e-m/nofp/libc_nano.a(lib_a-init.o)
                              /opt/gcc-arm-none-eabi/bin/../lib/gcc/arm-none-eabi/10.3.1/../../../../arm-none-eabi/lib/thumb/v7e-m/nofp/crt0.o (__libc_init_array)
/opt/gcc-arm-none-eabi/bin/../lib/gcc/arm-none-eabi/10.3.1/../../../../arm-none-eabi/lib/thumb/v7e-m/nofp/libc_nano.a(lib_a-memset.o)
                              /opt/gcc-arm-none-eabi/bin/../lib/gcc/arm-none-eabi/10.3.1/../../../../arm-none-eabi/lib/thumb/v7e-m/nofp/crt0.o (memset)

Memory Configuration

Name             Origin             Length             Attributes
FLASH            0x0000000008000000 0x0000000000200000 xr
SRAM             0x0000000024000000 0x0000000000080000 xrw
*default*        0x0000000000000000 0xffffffffffffffff

Linker script and memory map

LOAD /opt/gcc-arm-none-eabi/bin/../lib/gcc/arm-none-eabi/10.3.1/thumb/v7e-m/nofp/crti.o
LOAD /opt/gcc-arm-none-eabi/bin/../lib/gcc/arm-none-eabi/10.3.1/thumb/v7e-m/nofp/crtbegin.o
LOAD /opt/gcc-arm-none-eabi/bin/../lib/gcc/arm-none-eabi/10.3.1/../../../../arm-none-eabi/lib/thumb/v7e-m/nofp/crt0.o
LOAD main.o
LOAD stm32_startup.o
LOAD syscalls.o
START GROUP
LOAD /opt/gcc-arm-none-eabi/bin/../lib/gcc/arm-none-eabi/10.3.1/thumb/v7e-m/nofp/libgcc.a
LOAD /opt/gcc-arm-none-eabi/bin/../lib/gcc/arm-none-eabi/10.3.1/../../../../arm-none-eabi/lib/thumb/v7e-m/nofp/libc_nano.a
END GROUP
START GROUP
LOAD /opt/gcc-arm-none-eabi/bin/../lib/gcc/arm-none-eabi/10.3.1/thumb/v7e-m/nofp/libgcc.a
LOAD /opt/gcc-arm-none-eabi/bin/../lib/gcc/arm-none-eabi/10.3.1/../../../../arm-none-eabi/lib/thumb/v7e-m/nofp/libc_nano.a
END GROUP
LOAD /opt/gcc-arm-none-eabi/bin/../lib/gcc/arm-none-eabi/10.3.1/thumb/v7e-m/nofp/crtend.o
LOAD /opt/gcc-arm-none-eabi/bin/../lib/gcc/arm-none-eabi/10.3.1/thumb/v7e-m/nofp/crtn.o

.text           0x0000000008000000      0x848
 *(.isr-vector)
 .isr-vector    0x0000000008000000      0x298 stm32_startup.o
                0x0000000008000000                vectors
 *(.text)
 .text          0x0000000008000298        0x0 /opt/gcc-arm-none-eabi/bin/../lib/gcc/arm-none-eabi/10.3.1/thumb/v7e-m/nofp/crti.o
 .text          0x0000000008000298       0x40 /opt/gcc-arm-none-eabi/bin/../lib/gcc/arm-none-eabi/10.3.1/thumb/v7e-m/nofp/crtbegin.o
 .text          0x00000000080002d8       0x7c /opt/gcc-arm-none-eabi/bin/../lib/gcc/arm-none-eabi/10.3.1/../../../../arm-none-eabi/lib/thumb/v7e-m/nofp/crt0.o
                0x00000000080002d8                _stack_init
                0x00000000080002e0                _mainCRTStartup
                0x00000000080002e0                _start
 .text          0x0000000008000354      0x11c main.o
                0x0000000008000354                main
                0x000000000800039a                delay
                0x00000000080003c0                set_gpio_port_b_reg
                0x00000000080003e0                gpio_set_pin
                0x0000000008000400                gpio_clear_pin
                0x0000000008000422                GPIO_Init
                0x0000000008000468                Error_Handler
 .text          0x0000000008000470       0x8c stm32_startup.o
                0x0000000008000470                Reset_Handler
                0x00000000080004f4                EXTI2_IRQHandler
                0x00000000080004f4                TIM8_CC_IRQHandler
                0x00000000080004f4                DMA_STR2_IRQHandler
                0x00000000080004f4                DebugMon_Handler
                0x00000000080004f4                UART8_IRQHandler
                0x00000000080004f4                SPI4_IRQHandler
                0x00000000080004f4                HRTIM1_MST_IRQHandler
                0x00000000080004f4                HardFault_Handler
                0x00000000080004f4                DMA_STR5_IRQHandler
                0x00000000080004f4                HRTIM1_FLT_IRQHandler
                0x00000000080004f4                JPEG_IRQHandler
                0x00000000080004f4                SysTick_Handler
                0x00000000080004f4                DMA2_STR1_IRQHandler
                0x00000000080004f4                DMA2_STR5_IRQHandler
                0x00000000080004f4                HRTIM1_TIMD_IRQHandler
                0x00000000080004f4                PendSV_Handler
                0x00000000080004f4                NMI_Handler
                0x00000000080004f4                EXTI3_IRQHandler
                0x00000000080004f4                LPTIM4_IRQHandler
                0x00000000080004f4                TIM8_TRG_COM_TIM14_IRQHandler
                0x00000000080004f4                LPTIM2_IRQHandler
                0x00000000080004f4                DFSDM1_FLT1_IRQHandler
                0x00000000080004f4                DMAMUX2_OVR_IRQHandler
                0x00000000080004f4                TIM8_UP_TIM13_IRQHandler
                0x00000000080004f4                I2C3_ER_IRQHandler
                0x00000000080004f4                DFSDM1_FLT2_IRQHandler
                0x00000000080004f4                MDMA_IRQHandler
                0x00000000080004f4                LPTIM3_IRQHandler
                0x00000000080004f4                EXTI0_IRQHandler
                0x00000000080004f4                I2C2_EV_IRQHandler
                0x00000000080004f4                FPU_IRQHandler
                0x00000000080004f4                DMA_STR1_IRQHandler
                0x00000000080004f4                OTG_HS_WKUP_IRQHandler
                0x00000000080004f4                FDCAN1_IT1_IRQHandler
                0x00000000080004f4                UsageFault_Handler
                0x00000000080004f4                LTDC_ER_IRQHandler
                0x00000000080004f4                ADC1_2_IRQHandler
                0x00000000080004f4                SPI1_IRQHandler
                0x00000000080004f4                BDMA_CH2_IRQHandler
                0x00000000080004f4                TIM6_DAC_IRQHandler
                0x00000000080004f4                DCMI_IRQHandler
                0x00000000080004f4                HRTIM1_TIMC_IRQHandler
                0x00000000080004f4                SDMMC_IRQHandler
                0x00000000080004f4                RTC_ALARM_IRQHandler
                0x00000000080004f4                DMA_STR0_IRQHandler
                0x00000000080004f4                SAI2_IRQHandler
                0x00000000080004f4                DMA2_STR3_IRQHandler
                0x00000000080004f4                DFSDM1_FLT3_IRQHandler
                0x00000000080004f4                USART6_IRQHandler
                0x00000000080004f4                BDMA_CH5_IRQHandler
                0x00000000080004f4                TIM17_IRQHandler
                0x00000000080004f4                BDMA_CH6_IRQHandler
                0x00000000080004f4                USART3_IRQHandler
                0x00000000080004f4                WKUP_IRQHandler
                0x00000000080004f4                BDMA_CH3_IRQHandler
                0x00000000080004f4                LPTIM5_IRQHandler
                0x00000000080004f4                LPUART_IRQHandler
                0x00000000080004f4                UART5_IRQHandler
                0x00000000080004f4                ADC3_IRQHandler
                0x00000000080004f4                DMA_STR6_IRQHandler
                0x00000000080004f4                TIM4_IRQHandler
                0x00000000080004f4                QUADSPI_IRQHandler
                0x00000000080004f4                I2C1_EV_IRQHandler
                0x00000000080004f4                DMA1_STR7_IRQHandler
                0x00000000080004f4                TIM16_IRQHandler
                0x00000000080004f4                UART4_IRQHandler
                0x00000000080004f4                TIM3_IRQHandler
                0x00000000080004f4                RCC_IRQHandler
                0x00000000080004f4                TIM8_BRK_TIM12_IRQHandler
                0x00000000080004f4                TIM1_TRG_COM_IRQHandler
                0x00000000080004f4                Default_Handler
                0x00000000080004f4                HRTIM_TIMB_IRQHandler
                0x00000000080004f4                CEC_IRQHandler
                0x00000000080004f4                EXTI15_10_IRQHandler
                0x00000000080004f4                BDMA_CH4_IRQHandler
                0x00000000080004f4                DMA_STR3_IRQHandler
                0x00000000080004f4                HRTIM_TIME_IRQHandler
                0x00000000080004f4                HRTIM1_TIMA_IRQHandler
                0x00000000080004f4                SPI5_IRQHandler
                0x00000000080004f4                TIM7_IRQHandler
                0x00000000080004f4                SDMMC1_IRQHandler
                0x00000000080004f4                TIM5_IRQHandler
                0x00000000080004f4                SPDIF_IRQHandler
                0x00000000080004f4                TIM15_IRQHandler
                0x00000000080004f4                I2C3_EV_IRQHandler
                0x00000000080004f4                WWDG1_RST_IRQHandler
                0x00000000080004f4                EXTI9_5_IRQHandler
                0x00000000080004f4                DMA2_STR4_IRQHandler
                0x00000000080004f4                RTC_WKUP_IRQHandler
                0x00000000080004f4                DMA2_STR6_IRQHandler
                0x00000000080004f4                LTDC_IRQHandler
                0x00000000080004f4                SAI3_IRQHandler
                0x00000000080004f4                ETH_WKUP_IRQHandler
                0x00000000080004f4                PVD_PVM_IRQHandler
                0x00000000080004f4                SPI2_IRQHandler
                0x00000000080004f4                OTG_HS_EP1_IN_IRQHandler
                0x00000000080004f4                MemManage_Handler
                0x00000000080004f4                DMA2_STR0_IRQHandler
                0x00000000080004f4                SVC_Handler
                0x00000000080004f4                CRS_IRQHandler
                0x00000000080004f4                EXTI4_IRQHandler
                0x00000000080004f4                DMAMUX1_OV_IRQHandler
                0x00000000080004f4                FDCAN2_IT1_IRQHandler
                0x00000000080004f4                DMA_STR4_IRQHandler
                0x00000000080004f4                COMP_IRQHandler
                0x00000000080004f4                DMA2_STR2_IRQHandler
                0x00000000080004f4                ETH_IRQHandler
                0x00000000080004f4                TIM1_UP_IRQHandler
                0x00000000080004f4                DMA2_STR7_IRQHandler
                0x00000000080004f4                OTG_HS_EP1_OUT_IRQHandler
                0x00000000080004f4                SPI6_IRQHandler
                0x00000000080004f4                MDIOS_IRQHandler
                0x00000000080004f4                I2C4_EV_IRQHandler
                0x00000000080004f4                FDCAN2_IT0_IRQHandler
                0x00000000080004f4                BDMA_CH7_IRQHandler
                0x00000000080004f4                FDCAN1_IT0_IRQHandler
                0x00000000080004f4                TIM2_IRQHandler
                0x00000000080004f4                HSEM0_IRQHandler
                0x00000000080004f4                OTG_FS_WKUP_IRQHandler
                0x00000000080004f4                OTG_HS_IRQHandler
                0x00000000080004f4                DMA2D_IRQHandler
                0x00000000080004f4                TIM1_BRK_IRQHandler
                0x00000000080004f4                EXTI1_IRQHandler
                0x00000000080004f4                OTG_FS_EP1_OUT_IRQHandler
                0x00000000080004f4                UART7_IRQHandler
                0x00000000080004f4                MDIOS_WKUP_IRQHandler
                0x00000000080004f4                USART2_IRQHandler
                0x00000000080004f4                DFSDM1_FLT0_IRQHandler
                0x00000000080004f4                SAI4_IRQHandler
                0x00000000080004f4                I2C2_ER_IRQHandler
                0x00000000080004f4                FLASH_IRQHandler
                0x00000000080004f4                WWDG1_IRQHandler
                0x00000000080004f4                BusFault_Handler
                0x00000000080004f4                USART1_IRQHandler
                0x00000000080004f4                OTG_FS_IRQHandler
                0x00000000080004f4                SPI3_IRQHandler
                0x00000000080004f4                OTG_FS_EP1_IN_IRQHandler
                0x00000000080004f4                I2C1_ER_IRQHandler
                0x00000000080004f4                FMC_IRQHandler
                0x00000000080004f4                BDMA_CH1_IRQHandler
                0x00000000080004f4                FDCAN_CAL_IRQHandler
                0x00000000080004f4                SWPMI1_IRQHandler
                0x00000000080004f4                LPTIM1_IRQHandler
                0x00000000080004f4                BDMA_CH8_IRQHandler
                0x00000000080004f4                TIM_CC_IRQHandler
                0x00000000080004f4                I2C4_ER_IRQHandler
                0x00000000080004f4                SAI1_IRQHandler
                0x00000000080004f4                RTC_TAMP_STAMP_CSS_LSE_IRQHandler
 .text          0x00000000080004fc      0x25c syscalls.o
                0x00000000080004fc                initialise_monitor_handles
                0x0000000008000508                _getpid
                0x0000000008000516                _kill
                0x0000000008000536                _exit
                0x000000000800054a                _read
                0x0000000008000584                _write
                0x00000000080005bc                _close
                0x00000000080005d2                _fstat
                0x00000000080005f0                _isatty
                0x0000000008000604                _lseek
                0x000000000800061c                _open
                0x0000000008000636                _wait
                0x0000000008000654                _unlink
                0x0000000008000672                _times
                0x0000000008000688                _stat
                0x00000000080006a6                _link
                0x00000000080006c6                _fork
                0x00000000080006dc                _execve
                0x00000000080006fe                _sbrk
 .text          0x0000000008000758        0x0 /opt/gcc-arm-none-eabi/bin/../lib/gcc/arm-none-eabi/10.3.1/../../../../arm-none-eabi/lib/thumb/v7e-m/nofp/libc_nano.a(lib_a-errno.o)
 .text          0x0000000008000758        0x0 /opt/gcc-arm-none-eabi/bin/../lib/gcc/arm-none-eabi/10.3.1/../../../../arm-none-eabi/lib/thumb/v7e-m/nofp/libc_nano.a(lib_a-exit.o)
 .text          0x0000000008000758        0x0 /opt/gcc-arm-none-eabi/bin/../lib/gcc/arm-none-eabi/10.3.1/../../../../arm-none-eabi/lib/thumb/v7e-m/nofp/libc_nano.a(lib_a-impure.o)
 .text          0x0000000008000758        0x0 /opt/gcc-arm-none-eabi/bin/../lib/gcc/arm-none-eabi/10.3.1/../../../../arm-none-eabi/lib/thumb/v7e-m/nofp/libc_nano.a(lib_a-init.o)
 .text          0x0000000008000758        0x0 /opt/gcc-arm-none-eabi/bin/../lib/gcc/arm-none-eabi/10.3.1/../../../../arm-none-eabi/lib/thumb/v7e-m/nofp/libc_nano.a(lib_a-memset.o)
 .text          0x0000000008000758        0x0 /opt/gcc-arm-none-eabi/bin/../lib/gcc/arm-none-eabi/10.3.1/thumb/v7e-m/nofp/crtend.o
 .text          0x0000000008000758        0x0 /opt/gcc-arm-none-eabi/bin/../lib/gcc/arm-none-eabi/10.3.1/thumb/v7e-m/nofp/crtn.o
 *(.text.*)
 .text.__errno  0x0000000008000758        0xc /opt/gcc-arm-none-eabi/bin/../lib/gcc/arm-none-eabi/10.3.1/../../../../arm-none-eabi/lib/thumb/v7e-m/nofp/libc_nano.a(lib_a-errno.o)
                0x0000000008000758                __errno
 .text.exit     0x0000000008000764       0x28 /opt/gcc-arm-none-eabi/bin/../lib/gcc/arm-none-eabi/10.3.1/../../../../arm-none-eabi/lib/thumb/v7e-m/nofp/libc_nano.a(lib_a-exit.o)
                0x0000000008000764                exit
 .text.__libc_init_array
                0x000000000800078c       0x48 /opt/gcc-arm-none-eabi/bin/../lib/gcc/arm-none-eabi/10.3.1/../../../../arm-none-eabi/lib/thumb/v7e-m/nofp/libc_nano.a(lib_a-init.o)
                0x000000000800078c                __libc_init_array
 .text.memset   0x00000000080007d4       0x10 /opt/gcc-arm-none-eabi/bin/../lib/gcc/arm-none-eabi/10.3.1/../../../../arm-none-eabi/lib/thumb/v7e-m/nofp/libc_nano.a(lib_a-memset.o)
                0x00000000080007d4                memset
 *(.init)
 .init          0x00000000080007e4        0x4 /opt/gcc-arm-none-eabi/bin/../lib/gcc/arm-none-eabi/10.3.1/thumb/v7e-m/nofp/crti.o
                0x00000000080007e4                _init
 .init          0x00000000080007e8        0x8 /opt/gcc-arm-none-eabi/bin/../lib/gcc/arm-none-eabi/10.3.1/thumb/v7e-m/nofp/crtn.o
 *(.fini)
 .fini          0x00000000080007f0        0x4 /opt/gcc-arm-none-eabi/bin/../lib/gcc/arm-none-eabi/10.3.1/thumb/v7e-m/nofp/crti.o
                0x00000000080007f0                _fini
 .fini          0x00000000080007f4        0x8 /opt/gcc-arm-none-eabi/bin/../lib/gcc/arm-none-eabi/10.3.1/thumb/v7e-m/nofp/crtn.o
 *(.rodata)
 .rodata        0x00000000080007fc       0x24 /opt/gcc-arm-none-eabi/bin/../lib/gcc/arm-none-eabi/10.3.1/thumb/v7e-m/nofp/crtbegin.o
 .rodata        0x0000000008000820       0x24 /opt/gcc-arm-none-eabi/bin/../lib/gcc/arm-none-eabi/10.3.1/thumb/v7e-m/nofp/crtend.o
 *(.rodata.*)
 .rodata._global_impure_ptr
                0x0000000008000844        0x4 /opt/gcc-arm-none-eabi/bin/../lib/gcc/arm-none-eabi/10.3.1/../../../../arm-none-eabi/lib/thumb/v7e-m/nofp/libc_nano.a(lib_a-impure.o)
                0x0000000008000844                _global_impure_ptr
                0x0000000008000848                . = ALIGN (0x4)
                0x0000000008000848                _etext = .
                0x0000000008000854                _la_data = LOADADDR (.data)

.glue_7         0x0000000008000848        0x0
 .glue_7        0x0000000008000848        0x0 linker stubs

.glue_7t        0x0000000008000848        0x0
 .glue_7t       0x0000000008000848        0x0 linker stubs

.vfp11_veneer   0x0000000008000848        0x0
 .vfp11_veneer  0x0000000008000848        0x0 linker stubs

.v4_bx          0x0000000008000848        0x0
 .v4_bx         0x0000000008000848        0x0 linker stubs

.iplt           0x0000000008000848        0x0
 .iplt          0x0000000008000848        0x0 /opt/gcc-arm-none-eabi/bin/../lib/gcc/arm-none-eabi/10.3.1/thumb/v7e-m/nofp/crtbegin.o

.eh_frame       0x0000000008000848        0x4
 .eh_frame      0x0000000008000848        0x0 /opt/gcc-arm-none-eabi/bin/../lib/gcc/arm-none-eabi/10.3.1/thumb/v7e-m/nofp/crtbegin.o
 .eh_frame      0x0000000008000848        0x4 /opt/gcc-arm-none-eabi/bin/../lib/gcc/arm-none-eabi/10.3.1/thumb/v7e-m/nofp/crtend.o

.ARM.extab      0x000000000800084c        0x0
 .ARM.extab     0x000000000800084c        0x0 /opt/gcc-arm-none-eabi/bin/../lib/gcc/arm-none-eabi/10.3.1/../../../../arm-none-eabi/lib/thumb/v7e-m/nofp/crt0.o

.ARM.exidx      0x000000000800084c        0x8
 .ARM.exidx     0x000000000800084c        0x8 /opt/gcc-arm-none-eabi/bin/../lib/gcc/arm-none-eabi/10.3.1/../../../../arm-none-eabi/lib/thumb/v7e-m/nofp/crt0.o
                                         0x10 (size before relaxing)

.rel.dyn        0x0000000008000854        0x0
 .rel.iplt      0x0000000008000854        0x0 /opt/gcc-arm-none-eabi/bin/../lib/gcc/arm-none-eabi/10.3.1/thumb/v7e-m/nofp/crtbegin.o

.data           0x0000000024000000       0x6c load address 0x0000000008000854
                0x0000000024000000                _sdata = .
 *(.data)
 .data          0x0000000024000000        0x0 /opt/gcc-arm-none-eabi/bin/../lib/gcc/arm-none-eabi/10.3.1/thumb/v7e-m/nofp/crti.o
 .data          0x0000000024000000        0x4 /opt/gcc-arm-none-eabi/bin/../lib/gcc/arm-none-eabi/10.3.1/thumb/v7e-m/nofp/crtbegin.o
                0x0000000024000000                __dso_handle
 .data          0x0000000024000004        0x0 /opt/gcc-arm-none-eabi/bin/../lib/gcc/arm-none-eabi/10.3.1/../../../../arm-none-eabi/lib/thumb/v7e-m/nofp/crt0.o
 .data          0x0000000024000004        0x0 main.o
 .data          0x0000000024000004        0x0 stm32_startup.o
 .data          0x0000000024000004        0x4 syscalls.o
                0x0000000024000004                environ
 .data          0x0000000024000008        0x0 /opt/gcc-arm-none-eabi/bin/../lib/gcc/arm-none-eabi/10.3.1/../../../../arm-none-eabi/lib/thumb/v7e-m/nofp/libc_nano.a(lib_a-errno.o)
 .data          0x0000000024000008        0x0 /opt/gcc-arm-none-eabi/bin/../lib/gcc/arm-none-eabi/10.3.1/../../../../arm-none-eabi/lib/thumb/v7e-m/nofp/libc_nano.a(lib_a-exit.o)
 .data          0x0000000024000008        0x0 /opt/gcc-arm-none-eabi/bin/../lib/gcc/arm-none-eabi/10.3.1/../../../../arm-none-eabi/lib/thumb/v7e-m/nofp/libc_nano.a(lib_a-impure.o)
 .data          0x0000000024000008        0x0 /opt/gcc-arm-none-eabi/bin/../lib/gcc/arm-none-eabi/10.3.1/../../../../arm-none-eabi/lib/thumb/v7e-m/nofp/libc_nano.a(lib_a-init.o)
 .data          0x0000000024000008        0x0 /opt/gcc-arm-none-eabi/bin/../lib/gcc/arm-none-eabi/10.3.1/../../../../arm-none-eabi/lib/thumb/v7e-m/nofp/libc_nano.a(lib_a-memset.o)
 .data          0x0000000024000008        0x0 /opt/gcc-arm-none-eabi/bin/../lib/gcc/arm-none-eabi/10.3.1/thumb/v7e-m/nofp/crtend.o
 .data          0x0000000024000008        0x0 /opt/gcc-arm-none-eabi/bin/../lib/gcc/arm-none-eabi/10.3.1/thumb/v7e-m/nofp/crtn.o
 *(.data.*)
 .data._impure_ptr
                0x0000000024000008        0x4 /opt/gcc-arm-none-eabi/bin/../lib/gcc/arm-none-eabi/10.3.1/../../../../arm-none-eabi/lib/thumb/v7e-m/nofp/libc_nano.a(lib_a-impure.o)
                0x0000000024000008                _impure_ptr
 .data.impure_data
                0x000000002400000c       0x60 /opt/gcc-arm-none-eabi/bin/../lib/gcc/arm-none-eabi/10.3.1/../../../../arm-none-eabi/lib/thumb/v7e-m/nofp/libc_nano.a(lib_a-impure.o)
                0x000000002400006c                . = ALIGN (0x4)
                0x000000002400006c                _edata = .

.init_array     0x000000002400006c        0x4 load address 0x00000000080008c0
 .init_array    0x000000002400006c        0x4 /opt/gcc-arm-none-eabi/bin/../lib/gcc/arm-none-eabi/10.3.1/thumb/v7e-m/nofp/crtbegin.o

.fini_array     0x0000000024000070        0x4 load address 0x00000000080008c4
 .fini_array    0x0000000024000070        0x4 /opt/gcc-arm-none-eabi/bin/../lib/gcc/arm-none-eabi/10.3.1/thumb/v7e-m/nofp/crtbegin.o

.igot.plt       0x0000000024000074        0x0 load address 0x00000000080008c8
 .igot.plt      0x0000000024000074        0x0 /opt/gcc-arm-none-eabi/bin/../lib/gcc/arm-none-eabi/10.3.1/thumb/v7e-m/nofp/crtbegin.o

.bss            0x0000000024000074       0x24 load address 0x00000000080008c8
                0x0000000024000074                _sbss = .
                0x0000000024000074                __bss_start__ = _sbss
 *(.bss)
 .bss           0x0000000024000074        0x0 /opt/gcc-arm-none-eabi/bin/../lib/gcc/arm-none-eabi/10.3.1/thumb/v7e-m/nofp/crti.o
 .bss           0x0000000024000074       0x1c /opt/gcc-arm-none-eabi/bin/../lib/gcc/arm-none-eabi/10.3.1/thumb/v7e-m/nofp/crtbegin.o
 .bss           0x0000000024000090        0x0 /opt/gcc-arm-none-eabi/bin/../lib/gcc/arm-none-eabi/10.3.1/../../../../arm-none-eabi/lib/thumb/v7e-m/nofp/crt0.o
 .bss           0x0000000024000090        0x0 main.o
 .bss           0x0000000024000090        0x0 stm32_startup.o
 .bss           0x0000000024000090        0x8 syscalls.o
                0x0000000024000090                __env
 .bss           0x0000000024000098        0x0 /opt/gcc-arm-none-eabi/bin/../lib/gcc/arm-none-eabi/10.3.1/../../../../arm-none-eabi/lib/thumb/v7e-m/nofp/libc_nano.a(lib_a-errno.o)
 .bss           0x0000000024000098        0x0 /opt/gcc-arm-none-eabi/bin/../lib/gcc/arm-none-eabi/10.3.1/../../../../arm-none-eabi/lib/thumb/v7e-m/nofp/libc_nano.a(lib_a-exit.o)
 .bss           0x0000000024000098        0x0 /opt/gcc-arm-none-eabi/bin/../lib/gcc/arm-none-eabi/10.3.1/../../../../arm-none-eabi/lib/thumb/v7e-m/nofp/libc_nano.a(lib_a-impure.o)
 .bss           0x0000000024000098        0x0 /opt/gcc-arm-none-eabi/bin/../lib/gcc/arm-none-eabi/10.3.1/../../../../arm-none-eabi/lib/thumb/v7e-m/nofp/libc_nano.a(lib_a-init.o)
 .bss           0x0000000024000098        0x0 /opt/gcc-arm-none-eabi/bin/../lib/gcc/arm-none-eabi/10.3.1/../../../../arm-none-eabi/lib/thumb/v7e-m/nofp/libc_nano.a(lib_a-memset.o)
 .bss           0x0000000024000098        0x0 /opt/gcc-arm-none-eabi/bin/../lib/gcc/arm-none-eabi/10.3.1/thumb/v7e-m/nofp/crtend.o
 .bss           0x0000000024000098        0x0 /opt/gcc-arm-none-eabi/bin/../lib/gcc/arm-none-eabi/10.3.1/thumb/v7e-m/nofp/crtn.o
 *(.bss.*)
 *(COMMON)
                0x0000000024000098                . = ALIGN (0x4)
                0x0000000024000098                _ebss = .
                0x0000000024000098                __bss_end__ = _ebss
                0x0000000024000098                . = ALIGN (0x4)
                0x0000000024000098                end = .
                0x0000000024000098                __end__ = .
OUTPUT(final.elf elf32-littlearm)
LOAD linker stubs

.ARM.attributes
                0x0000000000000000       0x2a
 .ARM.attributes
                0x0000000000000000       0x1e /opt/gcc-arm-none-eabi/bin/../lib/gcc/arm-none-eabi/10.3.1/thumb/v7e-m/nofp/crti.o
 .ARM.attributes
                0x000000000000001e       0x2e /opt/gcc-arm-none-eabi/bin/../lib/gcc/arm-none-eabi/10.3.1/thumb/v7e-m/nofp/crtbegin.o
 .ARM.attributes
                0x000000000000004c       0x1c /opt/gcc-arm-none-eabi/bin/../lib/gcc/arm-none-eabi/10.3.1/../../../../arm-none-eabi/lib/thumb/v7e-m/nofp/crt0.o
 .ARM.attributes
                0x0000000000000068       0x2e main.o
 .ARM.attributes
                0x0000000000000096       0x2e stm32_startup.o
 .ARM.attributes
                0x00000000000000c4       0x2e syscalls.o
 .ARM.attributes
                0x00000000000000f2       0x2e /opt/gcc-arm-none-eabi/bin/../lib/gcc/arm-none-eabi/10.3.1/../../../../arm-none-eabi/lib/thumb/v7e-m/nofp/libc_nano.a(lib_a-errno.o)
 .ARM.attributes
                0x0000000000000120       0x2e /opt/gcc-arm-none-eabi/bin/../lib/gcc/arm-none-eabi/10.3.1/../../../../arm-none-eabi/lib/thumb/v7e-m/nofp/libc_nano.a(lib_a-exit.o)
 .ARM.attributes
                0x000000000000014e       0x2e /opt/gcc-arm-none-eabi/bin/../lib/gcc/arm-none-eabi/10.3.1/../../../../arm-none-eabi/lib/thumb/v7e-m/nofp/libc_nano.a(lib_a-impure.o)
 .ARM.attributes
                0x000000000000017c       0x2e /opt/gcc-arm-none-eabi/bin/../lib/gcc/arm-none-eabi/10.3.1/../../../../arm-none-eabi/lib/thumb/v7e-m/nofp/libc_nano.a(lib_a-init.o)
 .ARM.attributes
                0x00000000000001aa       0x2e /opt/gcc-arm-none-eabi/bin/../lib/gcc/arm-none-eabi/10.3.1/../../../../arm-none-eabi/lib/thumb/v7e-m/nofp/libc_nano.a(lib_a-memset.o)
 .ARM.attributes
                0x00000000000001d8       0x2e /opt/gcc-arm-none-eabi/bin/../lib/gcc/arm-none-eabi/10.3.1/thumb/v7e-m/nofp/crtend.o
 .ARM.attributes
                0x0000000000000206       0x1e /opt/gcc-arm-none-eabi/bin/../lib/gcc/arm-none-eabi/10.3.1/thumb/v7e-m/nofp/crtn.o

.comment        0x0000000000000000       0x49
 .comment       0x0000000000000000       0x49 main.o
                                         0x4a (size before relaxing)
 .comment       0x0000000000000049       0x4a stm32_startup.o
 .comment       0x0000000000000049       0x4a syscalls.o

.debug_frame    0x0000000000000000       0x94
 .debug_frame   0x0000000000000000       0x20 /opt/gcc-arm-none-eabi/bin/../lib/gcc/arm-none-eabi/10.3.1/../../../../arm-none-eabi/lib/thumb/v7e-m/nofp/libc_nano.a(lib_a-errno.o)
 .debug_frame   0x0000000000000020       0x28 /opt/gcc-arm-none-eabi/bin/../lib/gcc/arm-none-eabi/10.3.1/../../../../arm-none-eabi/lib/thumb/v7e-m/nofp/libc_nano.a(lib_a-exit.o)
 .debug_frame   0x0000000000000048       0x2c /opt/gcc-arm-none-eabi/bin/../lib/gcc/arm-none-eabi/10.3.1/../../../../arm-none-eabi/lib/thumb/v7e-m/nofp/libc_nano.a(lib_a-init.o)
 .debug_frame   0x0000000000000074       0x20 /opt/gcc-arm-none-eabi/bin/../lib/gcc/arm-none-eabi/10.3.1/../../../../arm-none-eabi/lib/thumb/v7e-m/nofp/libc_nano.a(lib_a-memset.o)
